<html lang="en" data-color-mode="light" data-light-theme="light" data-dark-theme="dark" data-a11y-animated-images="system">
    <head>
        <title>Test</title>
    </head>

    <body>
    Test body
    </body>
</html>
