{
    "data": "array:5 [\n  \"command\" => \"cmd1\"\n  \"output\" => \"test\"\n  \"error\" => \"\"\n  \"exit_code\" => 0\n  \"faked\" => true\n]\narray:5 [\n  \"command\" => \"cmd2\"\n  \"output\" => \"\"\n  \"error\" => \"\"\n  \"exit_code\" => 0\n  \"faked\" => true\n]\narray:5 [\n  \"command\" => \"cmd3\"\n  \"output\" => \"\"\n  \"error\" => \"\"\n  \"exit_code\" => 0\n  \"faked\" => true\n]\n"
}
